// Vitest Snapshot v1, https://vitest.dev/guide/snapshot.html

exports[`HomeView > Carga correctamente 1`] = `
"<main>
  <the-welcome-stub></the-welcome-stub>
</main>"
`;
